Microsoft Windows [Version 10.0.18363.1316]
(c) 2019 Microsoft Corporation. All rights reserved.

C:\Users\jchab>docker run -dt -v postgres-data:/var/lib/postgresql/data -e POSTGRES_PASSWORD=password postgres:latest
Unable to find image 'postgres:latest' locally
latest: Pulling from library/postgres
a076a628af6f: Pull complete                                                                                             d54fa0e0eb76: Pull complete                                                                                             8950a7ea6876: Pull complete                                                                                             1cc02b1df09e: Pull complete                                                                                             06f548e51228: Pull complete                                                                                             74665692d4ea: Pull complete                                                                                             235e34eb13ab: Pull complete                                                                                             4ad7ef5e2e79: Pull complete                                                                                             76670339b0f8: Pull complete                                                                                             496fa0539f99: Pull complete                                                                                             f32ecbdf3b52: Pull complete                                                                                             7536b8fe81ac: Pull complete                                                                                             b147719f22c0: Pull complete                                                                                             22f2f0aa94ae: Pull complete                                                                                             Digest: sha256:c32f3f8364d79f71958c9ada74c43c2033d7e13d9d5fc21d3ba89322e6559c9d
Status: Downloaded newer image for postgres:latest
81ccb12f4f9da5bd92f858a8ebaeedc7d7227faa20302771b9c18c71671d5b74

C:\Users\jchab>
C:\Users\jchab>docker ps
CONTAINER ID   IMAGE             COMMAND                  CREATED          STATUS          PORTS      NAMES
81ccb12f4f9d   postgres:latest   "docker-entrypoint.sâ€¦"   15 seconds ago   Up 13 seconds   5432/tcp   frosty_germain

C:\Users\jchab>
C:\Users\jchab>docker exec -it 3c2ad758d537 bash
Error: No such container: 3c2ad758d537

C:\Users\jchab>docker exec -it 81ccb12f4f9d bash
root@81ccb12f4f9d:/# psql -h localhost -U postgres
psql (13.1 (Debian 13.1-1.pgdg100+1))
Type "help" for help.

postgres=# create database practice db
postgres-# \c practicedb
FATAL:  database "practicedb" does not exist
Previous connection kept
postgres-# create database practicedb
postgres-# \c practicedb
FATAL:  database "practicedb" does not exist
Previous connection kept
postgres-# exit
Use \q to quit.
postgres-# \q
root@81ccb12f4f9d:/# psql -h localhost -U postgres
psql (13.1 (Debian 13.1-1.pgdg100+1))
Type "help" for help.

postgres=# create database practicedb
postgres-# \c practicedb
FATAL:  database "practicedb" does not exist
Previous connection kept
postgres-# create database practicedb
postgres-# \c practicedb
FATAL:  database "practicedb" does not exist
Previous connection kept
postgres-# ls
postgres-# help
Use \? for help or press control-C to clear the input buffer.
postgres-# \?
General
  \copyright             show PostgreSQL usage and distribution terms
  \crosstabview [COLUMNS] execute query and display results in crosstab
  \errverbose            show most recent error message at maximum verbosity
  \g [(OPTIONS)] [FILE]  execute query (and send results to file or |pipe);
                         \g with no arguments is equivalent to a semicolon
  \gdesc                 describe result of query, without executing it
  \gexec                 execute query, then execute each value in its result
  \gset [PREFIX]         execute query and store results in psql variables
  \gx [(OPTIONS)] [FILE] as \g, but forces expanded output mode
  \q                     quit psql
  \watch [SEC]           execute query every SEC seconds

Help
  \? [commands]          show help on backslash commands
  \? options             show help on psql command-line options
  \? variables           show help on special variables
  \h [NAME]              help on syntax of SQL commands, * for all commands

Query Buffer
  \e [FILE] [LINE]       edit the query buffer (or file) with external editor
  \ef [FUNCNAME [LINE]]  edit function definition with external editor
  \ev [VIEWNAME [LINE]]  edit view definition with external editor
  \p                     show the contents of the query buffer
  \r                     reset (clear) the query buffer
  \s [FILE]              display history or save it to file
  \w FILE                write query buffer to file

Input/Output
  \copy ...              perform SQL COPY with data stream to the client host
  \echo [-n] [STRING]    write string to standard output (-n for no newline)
  \i FILE                execute commands from file
  \ir FILE               as \i, but relative to location of current script
  \o [FILE]              send all query results to file or |pipe
  \qecho [-n] [STRING]   write string to \o output stream (-n for no newline)
  \warn [-n] [STRING]    write string to standard error (-n for no newline)

Conditional
  \if EXPR               begin conditional block
  \elif EXPR             alternative within current conditional block
  \else                  final alternative within current conditional block
  \endif                 end conditional block

Informational
  (options: S = show system objects, + = additional detail)
  \d[S+]                 list tables, views, and sequences
  \d[S+]  NAME           describe table, view, sequence, or index
  \da[S]  [PATTERN]      list aggregates
  \dA[+]  [PATTERN]      list access methods
  \dAc[+] [AMPTRN [TYPEPTRN]]  list operator classes
  \dAf[+] [AMPTRN [TYPEPTRN]]  list operator families
  \dAo[+] [AMPTRN [OPFPTRN]]   list operators of operator families
  \dAp    [AMPTRN [OPFPTRN]]   list support functions of operator families
  \db[+]  [PATTERN]      list tablespaces
  \dc[S+] [PATTERN]      list conversions
  \dC[+]  [PATTERN]      list casts
  \dd[S]  [PATTERN]      show object descriptions not displayed elsewhere
  \dD[S+] [PATTERN]      list domains
  \ddp    [PATTERN]      list default privileges
  \dE[S+] [PATTERN]      list foreign tables
  \det[+] [PATTERN]      list foreign tables
  \des[+] [PATTERN]      list foreign servers
  \deu[+] [PATTERN]      list user mappings
  \dew[+] [PATTERN]      list foreign-data wrappers
  \df[anptw][S+] [PATRN] list [only agg/normal/procedures/trigger/window] functions
  \dF[+]  [PATTERN]      list text search configurations
  \dFd[+] [PATTERN]      list text search dictionaries
  \dFp[+] [PATTERN]      list text search parsers
  \dFt[+] [PATTERN]      list text search templates
  \dg[S+] [PATTERN]      list roles
  \di[S+] [PATTERN]      list indexes
  \dl                    list large objects, same as \lo_list
  \dL[S+] [PATTERN]      list procedural languages
  \dm[S+] [PATTERN]      list materialized views
  \dn[S+] [PATTERN]      list schemas
  \do[S]  [PATTERN]      list operators
  \dO[S+] [PATTERN]      list collations
  \dp     [PATTERN]      list table, view, and sequence access privileges
  \dP[itn+] [PATTERN]    list [only index/table] partitioned relations [n=nested]
  \drds [PATRN1 [PATRN2]] list per-database role settings
  \dRp[+] [PATTERN]      list replication publications
  \dRs[+] [PATTERN]      list replication subscriptions
  \ds[S+] [PATTERN]      list sequences
  \dt[S+] [PATTERN]      list tables
  \dT[S+] [PATTERN]      list data types
  \du[S+] [PATTERN]      list roles
  \dv[S+] [PATTERN]      list views
  \dx[+]  [PATTERN]      list extensions
  \dy     [PATTERN]      list event triggers
  \l[+]   [PATTERN]      list databases
  \sf[+]  FUNCNAME       show a function's definition
  \sv[+]  VIEWNAME       show a view's definition
  \z      [PATTERN]      same as \dp

Formatting
  \a                     toggle between unaligned and aligned output mode
  \C [STRING]            set table title, or unset if none
  \f [STRING]            show or set field separator for unaligned query output
  \H                     toggle HTML output mode (currently off)
  \pset [NAME [VALUE]]   set table output option
                         (border|columns|csv_fieldsep|expanded|fieldsep|
                         fieldsep_zero|footer|format|linestyle|null|
                         numericlocale|pager|pager_min_lines|recordsep|
                         recordsep_zero|tableattr|title|tuples_only|
                         unicode_border_linestyle|unicode_column_linestyle|
                         unicode_header_linestyle)
  \t [on|off]            show only rows (currently off)
  \T [STRING]            set HTML <table> tag attributes, or unset if none
  \x [on|off|auto]       toggle expanded output (currently off)

Connection
  \c[onnect] {[DBNAME|- USER|- HOST|- PORT|-] | conninfo}
                         connect to new database (currently "postgres")
  \conninfo              display information about current connection
  \encoding [ENCODING]   show or set client encoding
  \password [USERNAME]   securely change the password for a user

Operating System
  \cd [DIR]              change the current working directory
  \setenv NAME [VALUE]   set or unset environment variable
  \timing [on|off]       toggle timing of commands (currently off)
  \! [COMMAND]           execute command in shell or start interactive shell

Variables
  \prompt [TEXT] NAME    prompt user to set internal variable
  \set [NAME [VALUE]]    set internal variable, or list all if no parameters
  \unset NAME            unset (delete) internal variable

Large Objects
  \lo_export LOBOID FILE
  \lo_import FILE [COMMENT]
  \lo_list
  \lo_unlink LOBOID      large object operations
postgres-#
postgres-#
postgres-#
postgres-#
postgres-#
postgres-# \q
root@81ccb12f4f9d:/# psql -h localhost -U postgres
psql (13.1 (Debian 13.1-1.pgdg100+1))
Type "help" for help.

postgres=# create database practicedb;
CREATE DATABASE
postgres=# \c practicedb
You are now connected to database "practicedb" as user "postgres".
practicedb=# create table if not exist^V^V
C:\Users\jchab>docker exec -it 81ccb12f4f9d bash
root@81ccb12f4f9d:/# psql -h localhost -U postgres
psql (13.1 (Debian 13.1-1.pgdg100+1))
Type "help" for help.

postgres=# \c practicedb
You are now connected to database "practicedb" as user "postgres".
practicedb=# create table if not exists store(id serial, sname varchar(40) not null, qty integer not null, price float not null, primary key(id));
CREATE TABLE
practicedb=# insert into store (sname, qty, price) values ('apple', 10, 1),('pear', 5, 2),('banana', 10, 1.5),('lemon', 100, 0.1),('orange', 50, 0.2);
INSERT 0 5
practicedb=# select * from store
practicedb-# select * from store;
ERROR:  syntax error at or near "select"
LINE 2: select * from store;
        ^
practicedb=# select * from store;
 id | sname  | qty | price
----+--------+-----+-------
  1 | apple  |  10 |     1
  2 | pear   |   5 |     2
  3 | banana |  10 |   1.5
  4 | lemon  | 100 |   0.1
  5 | orange |  50 |   0.2
(5 rows)

practicedb=#